// Jest Snapshot v1, https://goo.gl/fbAQLP

exports[`Polylines renders correctly 1`] = `
<View>
  <Text
    accessible={true}
    allowFontScaling={true}
    ellipsizeMode="tail"
    style={
      Object {
        "backgroundColor": "#63cdda",
        "color": "white",
        "fontSize": 16,
        "fontWeight": "700",
        "paddingBottom": 10,
        "paddingTop": 20,
        "textAlign": "center",
      }
    }
  >
    My Gallery
  </Text>
  <ActivityIndicator
    animating={true}
    color="#fa8231"
    hidesWhenStopped={true}
    size="small"
  />
</View>
`;
