// Jest Snapshot v1, https://goo.gl/fbAQLP

exports[`Polylines renders correctly 1`] = `
<View>
  <AIRMapPolyline
    index={0}
    lineCap="round"
    lineJoin="round"
    strokeColor="#000"
    strokeWidth={1}
  />
  <AIRMapPolyline
    index={1}
    lineCap="round"
    lineJoin="round"
    strokeColor="#000"
    strokeWidth={1}
  />
  <AIRMapPolyline
    index={2}
    lineCap="round"
    lineJoin="round"
    strokeColor="#000"
    strokeWidth={1}
  />
  <AIRMapPolyline
    index={3}
    lineCap="round"
    lineJoin="round"
    strokeColor="#000"
    strokeWidth={1}
  />
  <AIRMapPolyline
    index={4}
    lineCap="round"
    lineJoin="round"
    strokeColor="#000"
    strokeWidth={1}
  />
  <AIRMapPolyline
    index={5}
    lineCap="round"
    lineJoin="round"
    strokeColor="#000"
    strokeWidth={1}
  />
  <AIRMapPolyline
    index={6}
    lineCap="round"
    lineJoin="round"
    strokeColor="#000"
    strokeWidth={1}
  />
  <AIRMapPolyline
    index={7}
    lineCap="round"
    lineJoin="round"
    strokeColor="#000"
    strokeWidth={1}
  />
  <AIRMapPolyline
    index={8}
    lineCap="round"
    lineJoin="round"
    strokeColor="#000"
    strokeWidth={1}
  />
  <AIRMapPolyline
    index={9}
    lineCap="round"
    lineJoin="round"
    strokeColor="#000"
    strokeWidth={1}
  />
  <AIRMapPolyline
    index={10}
    lineCap="round"
    lineJoin="round"
    strokeColor="#000"
    strokeWidth={1}
  />
  <AIRMapPolyline
    index={11}
    lineCap="round"
    lineJoin="round"
    strokeColor="#000"
    strokeWidth={1}
  />
  <AIRMapPolyline
    index={12}
    lineCap="round"
    lineJoin="round"
    strokeColor="#000"
    strokeWidth={1}
  />
  <AIRMapPolyline
    index={13}
    lineCap="round"
    lineJoin="round"
    strokeColor="#000"
    strokeWidth={1}
  />
  <AIRMapPolyline
    index={14}
    lineCap="round"
    lineJoin="round"
    strokeColor="#000"
    strokeWidth={1}
  />
  <AIRMapPolyline
    index={15}
    lineCap="round"
    lineJoin="round"
    strokeColor="#000"
    strokeWidth={1}
  />
  <AIRMapPolyline
    index={16}
    lineCap="round"
    lineJoin="round"
    strokeColor="#000"
    strokeWidth={1}
  />
  <AIRMapPolyline
    index={17}
    lineCap="round"
    lineJoin="round"
    strokeColor="#000"
    strokeWidth={1}
  />
  <AIRMapPolyline
    index={18}
    lineCap="round"
    lineJoin="round"
    strokeColor="#000"
    strokeWidth={1}
  />
  <AIRMapPolyline
    index={19}
    lineCap="round"
    lineJoin="round"
    strokeColor="#000"
    strokeWidth={1}
  />
  <AIRMapPolyline
    index={20}
    lineCap="round"
    lineJoin="round"
    strokeColor="#000"
    strokeWidth={1}
  />
</View>
`;
